// Jest Snapshot v1, https://goo.gl/fbAQLP

exports[`<Description /> should match snapshot 1`] = `
.c1 {
  color: #4e5b6e;
  margin: 0;
  font-weight: bold;
}

.c2 {
  color: #4bd5ee;
}

.c0 {
  padding: 10px;
  background-color: white;
  color: #4e5b6e;
  border-radius: 5px;
}

<div>
  <div
    class="c0"
  >
    <p>
      openingCrawl test
    </p>
    <p
      class="c1"
    >
      Director
      : 
      <span
        class="c2"
      >
        director test
      </span>
    </p>
    <p
      class="c1"
    >
      Release Date
      : 
      <span
        class="c2"
      >
        releaseDate test
      </span>
    </p>
  </div>
</div>
`;
