// Jest Snapshot v1, https://goo.gl/fbAQLP

exports[`<EpisodeHeader /> should match snapshot 1`] = `
.c1 {
  font-size: 30px;
  font-weight: bold;
  color: #4BD5EE;
}

.c2 {
  font-size: 25px;
  font-weight: bold;
  color: #4E5B6E;
}

.c0 {
  background-color: white;
  height: 100%;
  padding-left: 50px;
  padding-top: 55px;
  border-radius: 0px 5px 5px 0px;
}

<div>
  <div
    class="c0"
  >
    <h1
      class="c1"
    >
      Title test
    </h1>
    <h2
      class="c2"
    >
      Subtitle test
    </h2>
  </div>
</div>
`;
