// Jest Snapshot v1, https://goo.gl/fbAQLP

exports[`<Character /> should match snapshot 1`] = `
.c0 {
  background-color: white;
  display: -webkit-box;
  display: -webkit-flex;
  display: -ms-flexbox;
  display: flex;
  -webkit-box-pack: center;
  -webkit-justify-content: center;
  -ms-flex-pack: center;
  justify-content: center;
  font-size: 20px;
  font-weight: bold;
  color: #4bd5ee;
  height: 100%;
  -webkit-align-items: center;
  -webkit-box-align: center;
  -ms-flex-align: center;
  align-items: center;
  border-radius: 0px 5px 5px 0px;
}

<div>
  <div
    class="row"
  >
    <div
      class="col-md-4"
      style="padding-right: 0px;"
    >
      <img
        class=""
        src="image"
        style="height: 100px; object-fit: cover; width: 100%; border-radius: 5px 0px 0px 5px;"
      />
    </div>
    <div
      class="col"
      style="height: 100px; padding-left: 0px;"
    >
      <h1
        class="c0"
      >
        Star wars: Episode 1
      </h1>
    </div>
  </div>
</div>
`;
